[    0.000000] Initializing cgroup subsys cpuset
[    0.000000] Initializing cgroup subsys cpu
[    0.000000] Initializing cgroup subsys cpuacct
[    0.000000] Linux version 4.4.0-178-generic (buildd@lgw01-amd64-017) (gcc version 5.4.0 20160609 (Ubuntu 5.4.0-6ubuntu1~16.04.12) ) #208-Ubuntu SMP Sun Apr 5 23:45:10 UTC 2020 (Ubuntu 4.4.0-178.208-generic 4.4.217)
[    0.000000] Command line: BOOT_IMAGE=/boot/vmlinuz-4.4.0-178-generic root=LABEL=cloudimg-rootfs ro console=tty1 console=ttyS0
[    0.000000] KERNEL supported cpus:
[    0.000000]   Intel GenuineIntel
[    0.000000]   AMD AuthenticAMD
[    0.000000]   Centaur CentaurHauls
[    0.000000] x86/fpu: xstate_offset[2]:  576, xstate_sizes[2]:  256
[    0.000000] x86/fpu: Supporting XSAVE feature 0x01: 'x87 floating point registers'
[    0.000000] x86/fpu: Supporting XSAVE feature 0x02: 'SSE registers'
[    0.000000] x86/fpu: Supporting XSAVE feature 0x04: 'AVX registers'
[    0.000000] x86/fpu: Enabled xstate features 0x7, context size is 832 bytes, using 'standard' format.
[    0.000000] e820: BIOS-provided physical RAM map:
[    0.000000] BIOS-e820: [mem 0x0000000000000000-0x000000000009fbff] usable
[    0.000000] BIOS-e820: [mem 0x000000000009fc00-0x000000000009ffff] reserved
[    0.000000] BIOS-e820: [mem 0x00000000000f0000-0x00000000000fffff] reserved
[    0.000000] BIOS-e820: [mem 0x0000000000100000-0x000000001ffeffff] usable
[    0.000000] BIOS-e820: [mem 0x000000001fff0000-0x000000001fffffff] ACPI data
[    0.000000] BIOS-e820: [mem 0x00000000fec00000-0x00000000fec00fff] reserved
[    0.000000] BIOS-e820: [mem 0x00000000fee00000-0x00000000fee00fff] reserved
[    0.000000] BIOS-e820: [mem 0x00000000fffc0000-0x00000000ffffffff] reserved
[    0.000000] NX (Execute Disable) protection: active
[    0.000000] SMBIOS 2.5 present.
[    0.000000] Hypervisor detected: KVM
[    0.000000] e820: last_pfn = 0x1fff0 max_arch_pfn = 0x400000000
[    0.000000] MTRR: Disabled
[    0.000000] x86/PAT: MTRRs disabled, skipping PAT initialization too.
[    0.000000] CPU MTRRs all blank - virtualized system.
[    0.000000] x86/PAT: Configuration [0-7]: WB  WT  UC- UC  WB  WT  UC- UC  
[    0.000000] found SMP MP-table at [mem 0x0009fff0-0x0009ffff] mapped at [ffff88000009fff0]
[    0.000000] Scanning 1 areas for low memory corruption
[    0.000000] RAMDISK: [mem 0x1e8df000-0x1f766fff]
[    0.000000] ACPI: Early table checksum verification disabled
[    0.000000] ACPI: RSDP 0x00000000000E0000 000024 (v02 VBOX  )
[    0.000000] ACPI: XSDT 0x000000001FFF0030 00003C (v01 VBOX   VBOXXSDT 00000001 ASL  00000061)
[    0.000000] ACPI: FACP 0x000000001FFF00F0 0000F4 (v04 VBOX   VBOXFACP 00000001 ASL  00000061)
[    0.000000] ACPI: DSDT 0x000000001FFF0470 002325 (v02 VBOX   VBOXBIOS 00000002 INTL 20100528)
[    0.000000] ACPI: FACS 0x000000001FFF0200 000040
[    0.000000] ACPI: FACS 0x000000001FFF0200 000040
[    0.000000] ACPI: APIC 0x000000001FFF0240 00005C (v02 VBOX   VBOXAPIC 00000001 ASL  00000061)
[    0.000000] ACPI: SSDT 0x000000001FFF02A0 0001CC (v01 VBOX   VBOXCPUT 00000002 INTL 20100528)
[    0.000000] No NUMA configuration found
[    0.000000] Faking a node at [mem 0x0000000000000000-0x000000001ffeffff]
[    0.000000] NODE_DATA(0) allocated [mem 0x1ffeb000-0x1ffeffff]
[    0.000000] kvm-clock: Using msrs 4b564d01 and 4b564d00
[    0.000000] kvm-clock: cpu 0, msr 0:1ffe3001, primary cpu clock
[    0.000000] kvm-clock: using sched offset of 3629919412 cycles
[    0.000000] clocksource: kvm-clock: mask: 0xffffffffffffffff max_cycles: 0x1cd42e4dffb, max_idle_ns: 881590591483 ns
[    0.000000] Zone ranges:
[    0.000000]   DMA      [mem 0x0000000000001000-0x0000000000ffffff]
[    0.000000]   DMA32    [mem 0x0000000001000000-0x000000001ffeffff]
[    0.000000]   Normal   empty
[    0.000000]   Device   empty
[    0.000000] Movable zone start for each node
[    0.000000] Early memory node ranges
[    0.000000]   node   0: [mem 0x0000000000001000-0x000000000009efff]
[    0.000000]   node   0: [mem 0x0000000000100000-0x000000001ffeffff]
[    0.000000] Initmem setup node 0 [mem 0x0000000000001000-0x000000001ffeffff]
[    0.000000] ACPI: PM-Timer IO Port: 0x4008
[    0.000000] IOAPIC[0]: apic_id 2, version 32, address 0xfec00000, GSI 0-23
[    0.000000] ACPI: INT_SRC_OVR (bus 0 bus_irq 0 global_irq 2 dfl dfl)
[    0.000000] ACPI: INT_SRC_OVR (bus 0 bus_irq 9 global_irq 9 low level)
[    0.000000] Using ACPI (MADT) for SMP configuration information
[    0.000000] smpboot: Allowing 2 CPUs, 0 hotplug CPUs
[    0.000000] PM: Registered nosave memory: [mem 0x00000000-0x00000fff]
[    0.000000] PM: Registered nosave memory: [mem 0x0009f000-0x0009ffff]
[    0.000000] PM: Registered nosave memory: [mem 0x000a0000-0x000effff]
[    0.000000] PM: Registered nosave memory: [mem 0x000f0000-0x000fffff]
[    0.000000] e820: [mem 0x20000000-0xfebfffff] available for PCI devices
[    0.000000] Booting paravirtualized kernel on KVM
[    0.000000] clocksource: refined-jiffies: mask: 0xffffffff max_cycles: 0xffffffff, max_idle_ns: 7645519600211568 ns
[    0.000000] setup_percpu: NR_CPUS:512 nr_cpumask_bits:512 nr_cpu_ids:2 nr_node_ids:1
[    0.000000] PERCPU: Embedded 33 pages/cpu @ffff88001fc00000 s95448 r8192 d31528 u1048576
[    0.000000] Built 1 zonelists in Node order, mobility grouping on.  Total pages: 128888
[    0.000000] Policy zone: DMA32
[    0.000000] Kernel command line: BOOT_IMAGE=/boot/vmlinuz-4.4.0-178-generic root=LABEL=cloudimg-rootfs ro console=tty1 console=ttyS0
[    0.000000] PID hash table entries: 2048 (order: 2, 16384 bytes)
[    0.000000] Memory: 481592K/523832K available (8626K kernel code, 1336K rwdata, 4036K rodata, 1488K init, 1292K bss, 42240K reserved, 0K cma-reserved)
[    0.000000] SLUB: HWalign=64, Order=0-3, MinObjects=0, CPUs=2, Nodes=1
[    0.000000] Kernel/User page tables isolation: enabled
[    0.000000] Hierarchical RCU implementation.
[    0.000000] 	Build-time adjustment of leaf fanout to 64.
[    0.000000] 	RCU restricting CPUs from NR_CPUS=512 to nr_cpu_ids=2.
[    0.000000] RCU: Adjusting geometry for rcu_fanout_leaf=64, nr_cpu_ids=2
[    0.000000] NR_IRQS:33024 nr_irqs:440 16
[    0.000000] Console: colour VGA+ 80x25
[    0.000000] console [tty1] enabled
[    0.000000] console [ttyS0] enabled
[    0.000000] tsc: Detected 2712.006 MHz processor
[    0.169262] Calibrating delay loop (skipped) preset value.. 5424.01 BogoMIPS (lpj=10848024)
[    0.171304] pid_max: default: 32768 minimum: 301
[    0.172419] ACPI: Core revision 20150930
[    0.175380] ACPI: 2 ACPI AML tables successfully acquired and loaded
[    0.176961] Security Framework initialized
[    0.177943] Yama: becoming mindful.
[    0.178841] AppArmor: AppArmor initialized
[    0.179908] Dentry cache hash table entries: 65536 (order: 7, 524288 bytes)
[    0.181398] Inode-cache hash table entries: 32768 (order: 6, 262144 bytes)
[    0.182913] Mount-cache hash table entries: 1024 (order: 1, 8192 bytes)
[    0.184324] Mountpoint-cache hash table entries: 1024 (order: 1, 8192 bytes)
[    0.185906] Initializing cgroup subsys io
[    0.186835] Initializing cgroup subsys memory
[    0.187824] Initializing cgroup subsys devices
[    0.188932] Initializing cgroup subsys freezer
[    0.190321] Initializing cgroup subsys net_cls
[    0.191726] Initializing cgroup subsys perf_event
[    0.192887] Initializing cgroup subsys net_prio
[    0.193935] Initializing cgroup subsys hugetlb
[    0.194976] Initializing cgroup subsys pids
[    0.197155] mce: CPU supports 0 MCE banks
[    0.198146] Last level iTLB entries: 4KB 64, 2MB 8, 4MB 8
[    0.199327] Last level dTLB entries: 4KB 64, 2MB 0, 4MB 0, 1GB 4
[    0.200669] Spectre V1 : Mitigation: usercopy/swapgs barriers and __user pointer sanitization
[    0.205541] Spectre V2 : Mitigation: Full generic retpoline
[    0.206713] Spectre V2 : Spectre v2 / SpectreRSB mitigation: Filling RSB on context switch
[    0.208551] Speculative Store Bypass: Vulnerable
[    0.209673] MDS: Vulnerable: Clear CPU buffers attempted, no microcode
[    0.213967] Freeing SMP alternatives memory: 36K
[    0.221595] ftrace: allocating 32308 entries in 127 pages
[    0.285967] smpboot: APIC(0) Converting physical 0 to logical package 0
[    0.287380] smpboot: Max logical packages: 1
[    0.288721] x2apic enabled
[    0.289791] Switched APIC routing to physical x2apic.
[    0.292418] ..TIMER: vector=0x30 apic1=0 pin1=2 apic2=-1 pin2=-1
[    0.402446] smpboot: CPU0: Intel(R) Core(TM) i5-7300U CPU @ 2.60GHz (family: 0x6, model: 0x8e, stepping: 0x9)
[    0.405143] Performance Events: unsupported p6 CPU model 142 no PMU driver, software events only.
[    0.416771] KVM setup paravirtual spinlock
[    0.418496] x86: Booting SMP configuration:
[    0.419574] .... node  #0, CPUs:      #1
[    0.420628] kvm-clock: cpu 1, msr 0:1ffe3041, secondary cpu clock
[    0.422796] mce: CPU supports 0 MCE banks
[    0.425505] TSC synchronization [CPU#0 -> CPU#1]:
[    0.426967] Measured 19 cycles TSC warp between CPUs, turning off TSC clock.
[    0.428633] tsc: Marking TSC unstable due to check_tsc_sync_source failed
[    0.430276] x86: Booted up 1 node, 2 CPUs
[    0.431272] smpboot: Total of 2 processors activated (10848.02 BogoMIPS)
[    0.224008] devtmpfs: initialized
[    0.229861] evm: security.selinux
[    0.230798] evm: security.SMACK64
[    0.232006] evm: security.SMACK64EXEC
[    0.232941] evm: security.SMACK64TRANSMUTE
[    0.234005] evm: security.SMACK64MMAP
[    0.234899] evm: security.ima
[    0.236002] evm: security.capability
[    0.236969] clocksource: jiffies: mask: 0xffffffff max_cycles: 0xffffffff, max_idle_ns: 7645041785100000 ns
[    0.238352] futex hash table entries: 512 (order: 3, 32768 bytes)
[    0.240043] pinctrl core: initialized pinctrl subsystem
[    0.241269] RTC time: 15:33:18, date: 05/02/20
[    0.242495] NET: Registered protocol family 16
[    0.256016] cpuidle: using governor ladder
[    0.268013] cpuidle: using governor menu
[    0.269147] PCCT header not found.
[    0.270102] ACPI: bus type PCI registered
[    0.271167] acpiphp: ACPI Hot Plug PCI Controller Driver version: 0.5
[    0.272102] PCI: Using configuration type 1 for base access
[    0.284095] ACPI: Added _OSI(Module Device)
[    0.285281] ACPI: Added _OSI(Processor Device)
[    0.286483] ACPI: Added _OSI(3.0 _SCP Extensions)
[    0.288003] ACPI: Added _OSI(Processor Aggregator Device)
[    0.290200] ACPI: Executed 1 blocks of module-level executable AML code
[    0.294228] ACPI: Interpreter enabled
[    0.295154] ACPI: (supports S0 S5)
[    0.296002] ACPI: Using IOAPIC for interrupt routing
[    0.297378] PCI: Using host bridge windows from ACPI; if necessary, use "pci=nocrs" and report a bug
[    0.303581] ACPI: PCI Root Bridge [PCI0] (domain 0000 [bus 00-ff])
[    0.304005] acpi PNP0A03:00: _OSC: OS supports [ASPM ClockPM Segments MSI]
[    0.305757] acpi PNP0A03:00: _OSC: not requesting OS control; OS requires [ExtendedConfig ASPM ClockPM MSI]
[    0.308007] acpi PNP0A03:00: fail to add MMCONFIG information, can't access extended PCI configuration space under this bridge.
[    0.312197] PCI host bridge to bus 0000:00
[    0.313186] pci_bus 0000:00: root bus resource [io  0x0000-0x0cf7 window]
[    0.314761] pci_bus 0000:00: root bus resource [io  0x0d00-0xffff window]
[    0.316000] pci_bus 0000:00: root bus resource [mem 0x000a0000-0x000bffff window]
[    0.316004] pci_bus 0000:00: root bus resource [mem 0x20000000-0xfdffffff window]
[    0.317762] pci_bus 0000:00: root bus resource [bus 00-ff]
[    0.321868] pci 0000:00:01.1: legacy IDE quirk: reg 0x10: [io  0x01f0-0x01f7]
[    0.324004] pci 0000:00:01.1: legacy IDE quirk: reg 0x14: [io  0x03f6]
[    0.325392] pci 0000:00:01.1: legacy IDE quirk: reg 0x18: [io  0x0170-0x0177]
[    0.326824] pci 0000:00:01.1: legacy IDE quirk: reg 0x1c: [io  0x0376]
[    0.339974] pci 0000:00:07.0: quirk: [io  0x4000-0x403f] claimed by PIIX4 ACPI
[    0.340015] pci 0000:00:07.0: quirk: [io  0x4100-0x410f] claimed by PIIX4 SMB
[    0.347135] ACPI: PCI Interrupt Link [LNKA] (IRQs 5 9 10 *11)
[    0.349149] ACPI: PCI Interrupt Link [LNKB] (IRQs 5 9 *10 11)
[    0.351159] ACPI: PCI Interrupt Link [LNKC] (IRQs 5 *9 10 11)
[    0.353002] ACPI: PCI Interrupt Link [LNKD] (IRQs 5 9 10 *11)
[    0.354960] ACPI: Enabled 2 GPEs in block 00 to 07
[    0.356099] vgaarb: setting as boot device: PCI:0000:00:02.0
[    0.357334] vgaarb: device added: PCI:0000:00:02.0,decodes=io+mem,owns=io+mem,locks=none
[    0.359223] vgaarb: loaded
[    0.360002] vgaarb: bridge control possible 0000:00:02.0
[    0.361411] SCSI subsystem initialized
[    0.362426] ACPI: bus type USB registered
[    0.364033] usbcore: registered new interface driver usbfs
[    0.365521] usbcore: registered new interface driver hub
[    0.366733] usbcore: registered new device driver usb
[    0.368064] PCI: Using ACPI for IRQ routing
[    0.369354] NetLabel: Initializing
[    0.370239] NetLabel:  domain hash size = 128
[    0.371257] NetLabel:  protocols = UNLABELED CIPSOv4
[    0.372014] NetLabel:  unlabeled traffic allowed by default
[    0.373259] amd_nb: Cannot enumerate AMD northbridges
[    0.373320] clocksource: Switched to clocksource kvm-clock
[    0.390807] AppArmor: AppArmor Filesystem Enabled
[    0.391976] pnp: PnP ACPI init
[    0.393643] pnp: PnP ACPI: found 3 devices
[    0.405627] clocksource: acpi_pm: mask: 0xffffff max_cycles: 0xffffff, max_idle_ns: 2085701024 ns
[    0.407721] NET: Registered protocol family 2
[    0.409027] TCP established hash table entries: 4096 (order: 3, 32768 bytes)
[    0.410534] TCP bind hash table entries: 4096 (order: 4, 65536 bytes)
[    0.412009] TCP: Hash tables configured (established 4096 bind 4096)
[    0.413395] UDP hash table entries: 256 (order: 1, 8192 bytes)
[    0.414640] UDP-Lite hash table entries: 256 (order: 1, 8192 bytes)
[    0.416180] NET: Registered protocol family 1
[    0.417239] pci 0000:00:00.0: Limiting direct PCI/PCI transfers
[    0.418522] pci 0000:00:01.0: Activating ISA DMA hang workarounds
[    0.433677] Unpacking initramfs...
[    0.874551] Freeing initrd memory: 14880K
[    0.875657] clocksource: tsc: mask: 0xffffffffffffffff max_cycles: 0x27178c274f7, max_idle_ns: 440795238189 ns
[    0.878008] platform rtc_cmos: registered platform RTC device (no PNP device found)
[    0.879831] Scanning for low memory corruption every 60 seconds
[    0.881797] audit: initializing netlink subsys (disabled)
[    0.883032] audit: type=2000 audit(1588433603.936:1): initialized
[    0.884664] Initialise system trusted keyring
[    0.886506] HugeTLB registered 2 MB page size, pre-allocated 0 pages
[    0.889055] zbud: loaded
[    0.890220] VFS: Disk quotas dquot_6.6.0
[    0.891374] VFS: Dquot-cache hash table entries: 512 (order 0, 4096 bytes)
[    0.893169] squashfs: version 4.0 (2009/01/31) Phillip Lougher
[    0.894857] fuse init (API version 7.23)
[    0.896064] Key type big_key registered
[    0.897106] Allocating IMA MOK and blacklist keyrings.
[    0.900846] Key type asymmetric registered
[    0.901821] Asymmetric key parser 'x509' registered
[    0.902931] Block layer SCSI generic (bsg) driver version 0.4 loaded (major 249)
[    0.904829] io scheduler noop registered
[    0.905777] io scheduler deadline registered (default)
[    0.906918] io scheduler cfq registered
[    0.907918] pci_hotplug: PCI Hot Plug PCI Core version: 0.5
[    0.909171] pciehp: PCI Express Hot Plug Controller Driver version: 0.4
[    0.910648] ACPI: AC Adapter [AC] (on-line)
[    0.911899] input: Power Button as /devices/LNXSYSTM:00/LNXPWRBN:00/input/input0
[    0.913749] ACPI: Power Button [PWRF]
[    0.914801] input: Sleep Button as /devices/LNXSYSTM:00/LNXSLPBN:00/input/input1
[    0.916539] ACPI: Sleep Button [SLPF]
[    0.917659] GHES: HEST is not enabled!
[    0.918314] ACPI: Battery Slot [BAT0] (battery present)
[    0.920180] Serial: 8250/16550 driver, 32 ports, IRQ sharing enabled
[    0.942163] 00:02: ttyS0 at I/O 0x3f8 (irq = 4, base_baud = 115200) is a 16550A
[    0.948152] Linux agpgart interface v0.103
[    0.950915] loop: module loaded
[    0.952333] scsi host0: ata_piix
[    0.953301] scsi host1: ata_piix
[    0.954583] ata1: PATA max UDMA/33 cmd 0x1f0 ctl 0x3f6 bmdma 0xd000 irq 14
[    0.956333] ata2: PATA max UDMA/33 cmd 0x170 ctl 0x376 bmdma 0xd008 irq 15
[    0.957887] libphy: Fixed MDIO Bus: probed
[    0.958971] tun: Universal TUN/TAP device driver, 1.6
[    0.960270] tun: (C) 1999-2004 Max Krasnyansky <maxk@qualcomm.com>
[    0.961974] PPP generic driver version 2.4.2
[    0.963154] ehci_hcd: USB 2.0 'Enhanced' Host Controller (EHCI) Driver
[    0.964533] ehci-pci: EHCI PCI platform driver
[    0.965633] ehci-platform: EHCI generic platform driver
[    0.966843] ohci_hcd: USB 1.1 'Open' Host Controller (OHCI) Driver
[    0.968236] ohci-pci: OHCI PCI platform driver
[    0.969399] ohci-platform: OHCI generic platform driver
[    0.970574] uhci_hcd: USB Universal Host Controller Interface driver
[    0.971973] i8042: PNP: PS/2 Controller [PNP0303:PS2K,PNP0f03:PS2M] at 0x60,0x64 irq 1,12
[    0.974440] serio: i8042 KBD port at 0x60,0x64 irq 1
[    0.975580] serio: i8042 AUX port at 0x60,0x64 irq 12
[    0.977059] mousedev: PS/2 mouse device common for all mice
[    0.978839] input: AT Translated Set 2 keyboard as /devices/platform/i8042/serio0/input/input2
[    0.981405] rtc_cmos rtc_cmos: rtc core: registered rtc_cmos as rtc0
[    0.982868] rtc_cmos rtc_cmos: alarms up to one day, 114 bytes nvram
[    0.984331] i2c /dev entries driver
[    0.985285] device-mapper: uevent: version 1.0.3
[    0.986497] device-mapper: ioctl: 4.34.0-ioctl (2015-10-28) initialised: dm-devel@redhat.com
[    0.988463] ledtrig-cpu: registered to indicate activity on CPUs
[    0.990426] NET: Registered protocol family 10
[    0.991780] NET: Registered protocol family 17
[    0.992940] Key type dns_resolver registered
[    0.994750] registered taskstats version 1
[    0.995754] Loading compiled-in X.509 certificates
[    0.997408] Loaded X.509 cert 'Build time autogenerated kernel key: f33c437cc9123d9712070bdfe932b55b24c56047'
[    0.999573] zswap: loaded using pool lzo/zbud
[    1.002902] Key type trusted registered
[    1.007465] Key type encrypted registered
[    1.008716] AppArmor: AppArmor sha1 policy hashing enabled
[    1.010332] ima: No TPM chip found, activating TPM-bypass!
[    1.011592] ima: Allocated hash algorithm: sha1
[    1.012746] evm: HMAC attrs: 0x1
[    1.014036]   Magic number: 4:762:587
[    1.015130] rtc_cmos rtc_cmos: setting system clock to 2020-05-02 15:33:18 UTC (1588433598)
[    1.017492] BIOS EDD facility v0.16 2004-Jun-25, 0 devices found
[    1.018793] EDD information not available.
[    1.148038] Freeing unused kernel memory: 1488K
[    1.150639] Write protecting the kernel read-only data: 14336k
[    1.153674] Freeing unused kernel memory: 1604K
[    1.155671] Freeing unused kernel memory: 60K
Loading, please wait...
starting version 229
[    1.192832] random: systemd-udevd: uninitialized urandom read (16 bytes read, 3 bits of entropy available)
[    1.193352] random: udevadm: uninitialized urandom read (16 bytes read, 3 bits of entropy available)
[    1.193369] random: udevadm: uninitialized urandom read (16 bytes read, 3 bits of entropy available)
[    1.200915] random: systemd-udevd: uninitialized urandom read (16 bytes read, 3 bits of entropy available)
[    1.201895] random: udevadm: uninitialized urandom read (16 bytes read, 3 bits of entropy available)
[    1.201930] random: udevadm: uninitialized urandom read (16 bytes read, 3 bits of entropy available)
[    1.202057] random: udevadm: uninitialized urandom read (16 bytes read, 3 bits of entropy available)
[    1.202104] random: udevadm: uninitialized urandom read (16 bytes read, 3 bits of entropy available)
[    1.202149] random: udevadm: uninitialized urandom read (16 bytes read, 3 bits of entropy available)
[    1.202194] random: udevadm: uninitialized urandom read (16 bytes read, 3 bits of entropy available)
[    1.248849] e1000: Intel(R) PRO/1000 Network Driver - version 7.3.21-k8-NAPI
[    1.250944] e1000: Copyright (c) 1999-2006 Intel Corporation.
[    1.252823] Fusion MPT base driver 3.04.20
[    1.254109] Copyright (c) 1999-2008 LSI Corporation
[    1.263871] Fusion MPT SPI Host driver 3.04.20
[    1.273655] AVX2 version of gcm_enc/dec engaged.
[    1.275062] AES CTR mode by8 optimization enabled
[    1.463364] input: ImExPS/2 Generic Explorer Mouse as /devices/platform/i8042/serio1/input/input4
[    1.626439] e1000 0000:00:03.0 eth0: (PCI:33MHz:32-bit) 02:89:d0:e0:cd:77
[    1.627982] e1000 0000:00:03.0 eth0: Intel(R) PRO/1000 Network Connection
[    1.630385] mptbase: ioc0: Initiating bringup
[    1.631165] e1000 0000:00:03.0 enp0s3: renamed from eth0
[    2.093172] ioc0: LSI53C1030 A0: Capabilities={Initiator}
[    5.133509] scsi host2: ioc0: LSI53C1030 A0, FwRev=00000000h, Ports=1, MaxQ=256, IRQ=20
[    8.277326] scsi 2:0:0:0: Direct-Access     VBOX     HARDDISK         1.0  PQ: 0 ANSI: 5
[    8.285162] scsi target2:0:0: Beginning Domain Validation
[    8.295379] scsi target2:0:0: Domain Validation skipping write tests
[    8.300727] scsi target2:0:0: Ending Domain Validation
[    8.305787] scsi target2:0:0: asynchronous
[    8.311585] scsi 2:0:1:0: Direct-Access     VBOX     HARDDISK         1.0  PQ: 0 ANSI: 5
[    8.316280] scsi target2:0:1: Beginning Domain Validation
[    8.339675] scsi target2:0:1: Domain Validation skipping write tests
[    8.341205] scsi target2:0:1: Ending Domain Validation
[    8.342554] scsi target2:0:1: asynchronous
[    8.350205] sd 2:0:0:0: Attached scsi generic sg0 type 0
[    8.351446] sd 2:0:0:0: [sda] 20971520 512-byte logical blocks: (10.7 GB/10.0 GiB)
[    8.353459] sd 2:0:1:0: Attached scsi generic sg1 type 0
[    8.354896] sd 2:0:1:0: [sdb] 20480 512-byte logical blocks: (10.5 MB/10.0 MiB)
[    8.356668] sd 2:0:0:0: [sda] Write Protect is off
[    8.358152] sd 2:0:1:0: [sdb] Write Protect is off
[    8.358162] sd 2:0:0:0: [sda] Incomplete mode parameter data
[    8.358163] sd 2:0:0:0: [sda] Assuming drive cache: write through
[    8.361981] sd 2:0:1:0: [sdb] Incomplete mode parameter data
[    8.375094] sd 2:0:1:0: [sdb] Assuming drive cache: write through
[    8.384744]  sda: sda1
[    8.385616] sd 2:0:1:0: [sdb] Attached SCSI disk
[    8.388428] sd 2:0:0:0: [sda] Attached SCSI disk
Begin: Loading essential drivers ... [    9.875567] md: linear personality registered for level -1
[    9.879416] md: multipath personality registered for level -4
[    9.883422] md: raid0 personality registered for level 0
[    9.888495] md: raid1 personality registered for level 1
[    9.960419] raid6: sse2x1   gen() 10845 MB/s
[   10.028157] raid6: sse2x1   xor()  8597 MB/s
[   10.096055] raid6: sse2x2   gen() 14265 MB/s
[   10.164355] raid6: sse2x2   xor() 10048 MB/s
[   10.232144] raid6: sse2x4   gen() 13610 MB/s
[   10.300464] raid6: sse2x4   xor() 11046 MB/s
[   10.368354] raid6: avx2x1   gen() 22301 MB/s
[   10.437126] raid6: avx2x2   gen() 22928 MB/s
[   10.504478] raid6: avx2x4   gen() 29876 MB/s
[   10.505542] raid6: using algorithm avx2x4 gen() 29876 MB/s
[   10.506740] raid6: using avx2x2 recovery algorithm
[   10.509157] xor: automatically using best checksumming function:
[   10.548423]    avx       : 24421.000 MB/sec
[   10.550624] async_tx: api initialized (async)
[   10.561670] md: raid6 personality registered for level 6
[   10.563019] md: raid5 personality registered for level 5
[   10.564041] md: raid4 personality registered for level 4
[   10.571025] md: raid10 personality registered for level 10
done.
Begin: Running /scripts/init-premount ... done.
Begin: Mounting root file system ... Begin: Running /scripts/local-top ... done.
Begin: Running /scripts/local-premount ... [   10.602420] Btrfs loaded
Scanning for Btrfs filesystems
done.
Warning: fsck not present, so skipping root file system
[   10.635972] EXT4-fs (sda1): mounted filesystem with ordered data mode. Opts: (null)
done.
Begin: Running /scripts/local-bottom ... done.
Begin: Running /scripts/init-bottom ... done.
[   10.734143] systemd[1]: systemd 229 running in system mode. (+PAM +AUDIT +SELINUX +IMA +APPARMOR +SMACK +SYSVINIT +UTMP +LIBCRYPTSETUP +GCRYPT +GNUTLS +ACL +XZ -LZ4 +SECCOMP +BLKID +ELFUTILS +KMOD -IDN)
[   10.737876] systemd[1]: Detected virtualization oracle.
[   10.739004] systemd[1]: Detected architecture x86-64.

Welcome to [1mUbuntu 16.04.6 LTS[0m!

[   10.802268] systemd[1]: Set hostname to <ubuntu-xenial>.
[   11.841997] systemd[1]: Listening on LVM2 poll daemon socket.
[[0;32m  OK  [0m] Listening on LVM2 poll daemon socket.
[   11.844526] systemd[1]: Started Forward Password Requests to Wall Directory Watch.
[[0;32m  OK  [0m] Started Forward Password Requests to Wall Directory Watch.
[   12.110683] systemd[1]: Reached target System Time Synchronized.
[[0;32m  OK  [0m] Reached target System Time Synchronized.
[   12.127287] systemd[1]: Reached target User and Group Name Lookups.
[[0;32m  OK  [0m] Reached target User and Group Name Lookups.
[   12.135917] systemd[1]: Reached target Encrypted Volumes.
[[0;32m  OK  [0m] Reached target Encrypted Volumes.
[   12.142308] systemd[1]: Reached target Swap.
[[0;32m  OK  [0m] Reached target Swap.
[   12.146790] systemd[1]: Listening on /dev/initctl Compatibility Named Pipe.
[[0;32m  OK  [0m] Listening on /dev/initctl Compatibility Named Pipe.
[   12.151364] systemd[1]: Started Trigger resolvconf update for networkd DNS.
[[0;32m  OK  [0m] Started Trigger resolvconf update for networkd DNS.
[   12.155184] systemd[1]: Listening on udev Control Socket.
[[0;32m  OK  [0m] Listening on udev Control Socket.
[   12.158611] systemd[1]: Created slice User and Session Slice.
[[0;32m  OK  [0m] Created slice User and Session Slice.
[   12.161953] systemd[1]: Created slice System Slice.
[[0;32m  OK  [0m] Created slice System Slice.
[   12.164284] systemd[1]: Reached target Slices.
[[0;32m  OK  [0m] Reached target Slices.
[   12.223609] systemd[1]: Created slice system-serial\x2dgetty.slice.
[[0;32m  OK  [0m] Created slice system-serial\x2dgetty.slice.
[   12.228182] systemd[1]: Set up automount Arbitrary Executable File Formats File System Automount Point.
[[0;32m  OK  [0m] Set up automount Arbitrary Executab...ats File System Automount Point.
[   12.234800] systemd[1]: Listening on udev Kernel Socket.
[[0;32m  OK  [0m] Listening on udev Kernel Socket.
[   12.238791] systemd[1]: Listening on Journal Socket (/dev/log).
[[0;32m  OK  [0m] Listening on Journal Socket (/dev/log).
[   12.243434] systemd[1]: Listening on Journal Audit Socket.
[[0;32m  OK  [0m] Listening on Journal Audit Socket.
[   12.681293] systemd[1]: Listening on LVM2 metadata daemon socket.
[[0;32m  OK  [0m] Listening on LVM2 metadata daemon socket.
[   12.692626] systemd[1]: Listening on Syslog Socket.
[[0;32m  OK  [0m] Listening on Syslog Socket.
[   12.700325] systemd[1]: Listening on Journal Socket.
[[0;32m  OK  [0m] Listening on Journal Socket.
[   12.721308] systemd[1]: Starting Nameserver information manager...
         Starting Nameserver information manager...
[   12.738223] systemd[1]: Mounting Huge Pages File System...
         Mounting Huge Pages File System...
[   12.747230] systemd[1]: Starting Create list of required static device nodes for the current kernel...
         Starting Create list of required st... nodes for the current kernel...
[   12.756623] systemd[1]: Starting Set console keymap...
         Starting Set console keymap...
[   12.760839] systemd[1]: Starting Journal Service...
         Starting Journal Service...
[   12.765476] systemd[1]: Starting Remount Root and Kernel File Systems...
         Starting Remount Root and Kernel File Systems...
[   12.770208] systemd[1]: Mounting POSIX Message Queue File System...
         Mounting POSIX Message Queue File System...
[   12.774098] EXT4-fs (sda1): re-mounted. Opts: (null)
[   12.777684] systemd[1]: Starting Load Kernel Modules...
         Starting Load Kernel Modules...
[   12.780827] systemd[1]: Starting Uncomplicated firewall...
         Starting Uncomplicated firewall...
[   12.804816] Loading iSCSI transport class v2.0-870.
[   12.814791] iscsi: registered transport (tcp)
[   12.824255] systemd[1]: Mounting Debug File System...
         Mounting Debug File System...
[   12.826185] systemd[1]: Listening on Device-mapper event daemon FIFOs.
[[0;32m  OK  [0m] Listening on Device-mapper event daemon FIFOs.
[   12.840039] systemd[1]: Starting Monitoring of LVM2 mirrors, snapshots etc. using dmeventd or progress polling...
         Starting Monitoring of LVM2 mirrors... dmeventd or progress polling...
[   12.847044] systemd[1]: Mounted Debug File System.
[[0;32m  OK  [0m] Mounted Debug File System.
[   12.861856] systemd[1]: Mounted POSIX Message Queue File System.
[[0;32m  OK  [0m] Mounted POSIX Message Queue File System.
[   12.864287] systemd[1]: Mounted Huge Pages File System.
[[0;32m  OK  [0m] Mounted Huge Pages File System.
[   12.872384] systemd[1]: Started Journal Service.
[[0;32m  OK  [0m] Started Journal Service.
[   12.879527] random: nonblocking pool is initialized
[[0;32m  OK  [0m] Started Create list of required sta...ce nodes for the current kernel.
[[0;32m  OK  [0m] Started Set console keymap.
[   12.915327] iscsi: registered transport (iser)
[[0;32m  OK  [0m] Started Remount Root and Kernel File Systems.
[[0;32m  OK  [0m] Started Load Kernel Modules.
[[0;32m  OK  [0m] Started Uncomplicated firewall.
[[0;32m  OK  [0m] Started Nameserver information manager.
[[0;32m  OK  [0m] Started LVM2 metadata daemon.
         Mounting FUSE Control File System...
         Starting Apply Kernel Variables...
         Starting Load/Save Random Seed...
         Starting udev Coldplug all Devices...
         Starting Create Static Device Nodes in /dev...
         Starting Flush Journal to Persistent Storage...
[[0;32m  OK  [0m] Mounted FUSE Control File System.
[[0;32m  OK  [0m] Started Apply Kernel Variables.
[[0;32m  OK  [0m] Started Load/Save Random Seed.
[[0;32m  OK  [0m] Started Monitoring of LVM2 mirrors,...ng dmeventd or progress polling.
[[0;32m  OK  [0m] Started Create Static Device Nodes in /dev.
         Starting udev Kernel Device Manager...
[[0;32m  OK  [0m] Reached target Local File Systems (Pre).
[[0;32m  OK  [0m] Reached target Local File Systems.
         Starting Initial cloud-init job (pre-networking)...
         Starting Set console font and keymap...
         Starting LSB: AppArmor initialization...
         Starting Tell Plymouth To Write Out Runtime Data...
[[0;32m  OK  [0m] Started Flush Journal to Persistent Storage.
[[0;32m  OK  [0m] Started udev Coldplug all Devices.
[[0;32m  OK  [0m] Started Tell Plymouth To Write Out Runtime Data.
         Starting Create Volatile Files and Directories...
[[0;32m  OK  [0m] Started Create Volatile Files and Directories.
[[0;32m  OK  [0m] Started udev Kernel Device Manager.
[[0;32m  OK  [0m] Started Dispatch Password Requests to Console Directory Watch.
         Starting Update UTMP about System Boot/Shutdown...
[[0;32m  OK  [0m] Started Update UTMP about System Boot/Shutdown.
[[0;32m  OK  [0m] Started LSB: AppArmor initialization.
[[0;32m  OK  [0m] Found device /dev/ttyS0.
[[0;32m  OK  [0m] Listening on Load/Save RF Kill Switch Status /dev/rfkill Watch.
[[0;32m  OK  [0m] Found device 82540EM Gigabit Ethern...r (PRO/1000 MT Desktop Adapter).
[   14.940253] cloud-init[462]: Cloud-init v. 19.4-33-gbb4131a2-0ubuntu1~16.04.1 running 'init-local' at Sat, 02 May 2020 15:33:32 +0000. Up 14.53 seconds.
[[0;32m  OK  [0m] Started Initial cloud-init job (pre-networking).
[[0;32m  OK  [0m] Reached target Network (Pre).
[[0;32m  OK  [0m] Started ifup for enp0s3.
         Starting Raise network interfaces...
[[0;32m  OK  [0m] Started Set console font and keymap.
[[0;32m  OK  [0m] Created slice system-getty.slice.
[[0;32m  OK  [0m] Started Raise network interfaces.
[[0;32m  OK  [0m] Reached target Network.
         Starting Initial cloud-init job (metadata service crawler)...
[   16.012528] cloud-init[970]: Cloud-init v. 19.4-33-gbb4131a2-0ubuntu1~16.04.1 running 'init' at Sat, 02 May 2020 15:33:33 +0000. Up 15.68 seconds.
[   16.014602] cloud-init[970]: ci-info: ++++++++++++++++++++++++++++++++++++++Net device info++++++++++++++++++++++++++++++++++++++
[   16.024435] cloud-init[970]: ci-info: +--------+------+----------------------------+---------------+--------+-------------------+
[   16.026241] cloud-init[970]: ci-info: | Device |  Up  |          Address           |      Mask     | Scope  |     Hw-Address    |
[   16.028354] cloud-init[970]: ci-info: +--------+------+----------------------------+---------------+--------+-------------------+
[   16.030297] cloud-init[970]: ci-info: | enp0s3 | True |         10.0.2.15          | 255.255.255.0 | global | 02:89:d0:e0:cd:77 |
[   16.032474] cloud-init[970]: ci-info: | enp0s3 | True | fe80::89:d0ff:fee0:cd77/64 |       .       |  link  | 02:89:d0:e0:cd:77 |
[   16.034790] cloud-init[970]: ci-info: |   lo   | True |         127.0.0.1          |   255.0.0.0   |  host  |         .         |
[   16.036783] cloud-init[970]: ci-info: |   lo   | True |          ::1/128           |       .       |  host  |         .         |
[   16.038564] cloud-init[970]: ci-info: +--------+------+----------------------------+---------------+--------+-------------------+
[   16.040113] cloud-init[970]: ci-info: +++++++++++++++++++++++++++Route IPv4 info++++++++++++++++++++++++++++
[   16.041715] cloud-init[970]: ci-info: +-------+-------------+----------+---------------+-----------+-------+
[   16.048348] cloud-init[970]: ci-info: | Route | Destination | Gateway  |    Genmask    | Interface | Flags |
[   16.056676] cloud-init[970]: ci-info: +-------+-------------+----------+---------------+-----------+-------+
[   16.064535] cloud-init[970]: ci-info: |   0   |   0.0.0.0   | 10.0.2.2 |    0.0.0.0    |   enp0s3  |   UG  |
[   16.066115] cloud-init[970]: ci-info: |   1   |   10.0.2.0  | 0.0.0.0  | 255.255.255.0 |   enp0s3  |   U   |
[   16.072348] cloud-init[970]: ci-info: +-------+-------------+----------+---------------+-----------+-------+
[   16.080574] cloud-init[970]: ci-info: +++++++++++++++++++Route IPv6 info+++++++++++++++++++
[   16.080839] cloud-init[970]: ci-info: +-------+-------------+---------+-----------+-------+
[   16.081012] cloud-init[970]: ci-info: | Route | Destination | Gateway | Interface | Flags |
[   16.081455] cloud-init[970]: ci-info: +-------+-------------+---------+-----------+-------+
[   16.081892] cloud-init[970]: ci-info: |   0   |  fe80::/64  |    ::   |   enp0s3  |   U   |
[   16.082356] cloud-init[970]: ci-info: |   3   |   ff00::/8  |    ::   |   enp0s3  |   U   |
[   16.082787] cloud-init[970]: ci-info: +-------+-------------+---------+-----------+-------+
[[0;32m  OK  [0m] Started Initial cloud-init job (metadata service crawler).
[[0;32m  OK  [0m] Reached target Network is Online.
         Starting iSCSI initiator daemon (iscsid)...
[[0;32m  OK  [0m] Reached target System Initialization.
         Starting LXD - unix socket.
[[0;32m  OK  [0m] Listening on ACPID Listen Socket.
[[0;32m  OK  [0m] Started Daily apt download activities.
[[0;32m  OK  [0m] Started Daily apt upgrade and clean activities.
[[0;32m  OK  [0m] Started Message of the Day.
[[0;32m  OK  [0m] Started ACPI Events Check.
[[0;32m  OK  [0m] Reached target Paths.
[[0;32m  OK  [0m] Started Daily Cleanup of Temporary Directories.
         Starting Socket activation for snappy daemon.
[[0;32m  OK  [0m] Listening on D-Bus System Message Bus Socket.
[[0;32m  OK  [0m] Reached target Timers.
[[0;32m  OK  [0m] Listening on UUID daemon activation socket.
[[0;32m  OK  [0m] Reached target Cloud-config availability.
[[0;32m  OK  [0m] Listening on LXD - unix socket.
[[0;32m  OK  [0m] Listening on Socket activation for snappy daemon.
[[0;32m  OK  [0m] Reached target Sockets.
[[0;32m  OK  [0m] Reached target Basic System.
         Starting /etc/rc.local Compatibility...
         Starting Accounts Service...
[[0;32m  OK  [0m] Started FUSE filesystem for LXC.
[[0;32m  OK  [0m] Started ACPI event daemon.
         Starting LSB: MD monitoring daemon...
         Starting System Logging Service...
         Starting Virtualbox guest utils...
         Starting Login Service...
[[0;32m  OK  [0m] Started Deferred execution scheduler.
         Starting OpenBSD Secure Shell server...
[[0;32m  OK  [0m] Started Regular background program processing daemon.
         Starting Snappy daemon...
[[0;32m  OK  [0m] Started D-Bus System Message Bus.
         Starting PM2 process manager...
         Starting LSB: Record successful boot for GRUB...
         Starting LXD - container startup/shutdown...
[[0;32m  OK  [0m] Started System Logging Service.
[[0;32m  OK  [0m] Started iSCSI initiator daemon (iscsid).
[[0;32m  OK  [0m] Started /etc/rc.local Compatibility.
[[0;32m  OK  [0m] Started OpenBSD Secure Shell server.
[[0;32m  OK  [0m] Started Login Service.
[[0;32m  OK  [0m] Started Unattended Upgrades Shutdown.
         Starting Authenticate and Authorize Users to Run Privileged Tasks...
         Starting Login to default iSCSI targets...
[[0;32m  OK  [0m] Started LSB: MD monitoring daemon.
[[0;32m  OK  [0m] Started LSB: Record successful boot for GRUB.
[[0;32m  OK  [0m] Started Authenticate and Authorize Users to Run Privileged Tasks.
[[0;32m  OK  [0m] Started Accounts Service.
[[0;32m  OK  [0m] Started Login to default iSCSI targets.
[[0;32m  OK  [0m] Reached target Remote File Systems (Pre).
[[0;32m  OK  [0m] Reached target Remote File Systems.
         Starting LSB: daemon to balance interrupts for SMP systems...
         Starting Permit User Sessions...
         Starting LSB: Set the CPU Frequency Scaling governor to "ondemand"...
         Starting LSB: automatic crash report generation...
[[0;32m  OK  [0m] Started Permit User Sessions.
         Starting Hold until boot process finishes up...
         Starting Terminate Plymouth Boot Screen...
[[0;32m  OK  [0m] Started Hold until boot process finishes up.
[[0;32m  OK  [0m] Started Serial Getty on ttyS0.
         Starting Set console scheme...
[[0;32m  OK  [0m] Started Getty on tty1.
[[0;32m  OK  [0m] Reached target Login Prompts.
[[0;32m  OK  [0m] Started LSB: Set the CPU Frequency Scaling governor to "ondemand".
[[0;32m  OK  [0m] Started Terminate Plymouth Boot Screen.
[[0;32m  OK  [0m] Started Set console scheme.
[[0;32m  OK  [0m] Started Virtualbox guest utils.
[[0;32m  OK  [0m] Started LSB: automatic crash report generation.
[[0;32m  OK  [0m] Started LSB: daemon to balance interrupts for SMP systems.
[[0;32m  OK  [0m] Started LXD - container startup/shutdown.
[[0;32m  OK  [0m] Started Snappy daemon.
         Starting Wait until snapd is fully seeded...
[[0;32m  OK  [0m] Started Wait until snapd is fully seeded.
         Starting Apply the settings specified in cloud-config...
[   18.831286] cloud-init[1242]: Cloud-init v. 19.4-33-gbb4131a2-0ubuntu1~16.04.1 running 'modules:config' at Sat, 02 May 2020 15:33:36 +0000. Up 18.70 seconds.
[[0;32m  OK  [0m] Started Apply the settings specified in cloud-config.
[[0;32m  OK  [0m] Started PM2 process manager.
[[0;32m  OK  [0m] Reached target Multi-User System.
         Starting Execute cloud user/final scripts...
[[0;32m  OK  [0m] Reached target Graphical Interface.
         Starting Update UTMP about System Runlevel Changes...
[[0;32m  OK  [0m] Started Update UTMP about System Runlevel Changes.
[   19.717976] cloud-init[1275]: Cloud-init v. 19.4-33-gbb4131a2-0ubuntu1~16.04.1 running 'modules:final' at Sat, 02 May 2020 15:33:37 +0000. Up 19.58 seconds.
[   19.725535] cloud-init[1275]: Cloud-init v. 19.4-33-gbb4131a2-0ubuntu1~16.04.1 finished at Sat, 02 May 2020 15:33:37 +0000. Datasource DataSourceNoCloud [seed=/dev/sdb][dsmode=net].  Up 19.71 seconds
[[0;32m  OK  [0m] Started Execute cloud user/final scripts.
[[0;32m  OK  [0m] Reached target Cloud-init target.

Ubuntu 16.04.6 LTS ubuntu-xenial ttyS0

ubuntu-xenial login: 